kotlin version: 1.9.24
error message: Daemon compilation failed: Connection to the Kotlin daemon has been unexpectedly lost. This might be caused by the daemon being killed by another process or the operating system, or by JVM crash.
org.jetbrains.kotlin.gradle.tasks.DaemonCrashedException: Connection to the Kotlin daemon has been unexpectedly lost. This might be caused by the daemon being killed by another process or the operating system, or by JVM crash.
	at org.jetbrains.kotlin.compilerRunner.GradleKotlinCompilerWork.compileWithDaemon(GradleKotlinCompilerWork.kt:250)
	at org.jetbrains.kotlin.compilerRunner.GradleKotlinCompilerWork.compileWithDaemonOrFallbackImpl(GradleKotlinCompilerWork.kt:175)
	at org.jetbrains.kotlin.compilerRunner.GradleKotlinCompilerWork.run(GradleKotlinCompilerWork.kt:135)
	at org.jetbrains.kotlin.compilerRunner.GradleCompilerRunnerWithWorkers$GradleKotlinCompilerWorkAction.execute(GradleCompilerRunnerWithWorkers.kt:73)
	at org.gradle.workers.internal.DefaultWorkerServer.execute(DefaultWorkerServer.java:68)
	at org.gradle.workers.internal.NoIsolationWorkerFactory$1$1.create(NoIsolationWorkerFactory.java:64)
	at org.gradle.workers.internal.NoIsolationWorkerFactory$1$1.create(NoIsolationWorkerFactory.java:61)
	at org.gradle.internal.classloader.ClassLoaderUtils.executeInClassloader(ClassLoaderUtils.java:102)
	at org.gradle.workers.internal.NoIsolationWorkerFactory$1.lambda$execute$0(NoIsolationWorkerFactory.java:61)
	at org.gradle.workers.internal.AbstractWorker$1.call(AbstractWorker.java:44)
	at org.gradle.workers.internal.AbstractWorker$1.call(AbstractWorker.java:41)
	at org.gradle.internal.operations.DefaultBuildOperationRunner$CallableBuildOperationWorker.execute(DefaultBuildOperationRunner.java:210)
	at org.gradle.internal.operations.DefaultBuildOperationRunner$CallableBuildOperationWorker.execute(DefaultBuildOperationRunner.java:205)
	at org.gradle.internal.operations.DefaultBuildOperationRunner$2.execute(DefaultBuildOperationRunner.java:67)
	at org.gradle.internal.operations.DefaultBuildOperationRunner$2.execute(DefaultBuildOperationRunner.java:60)
	at org.gradle.internal.operations.DefaultBuildOperationRunner.execute(DefaultBuildOperationRunner.java:167)
	at org.gradle.internal.operations.DefaultBuildOperationRunner.execute(DefaultBuildOperationRunner.java:60)
	at org.gradle.internal.operations.DefaultBuildOperationRunner.call(DefaultBuildOperationRunner.java:54)
	at org.gradle.workers.internal.AbstractWorker.executeWrappedInBuildOperation(AbstractWorker.java:41)
	at org.gradle.workers.internal.NoIsolationWorkerFactory$1.execute(NoIsolationWorkerFactory.java:58)
	at org.gradle.workers.internal.DefaultWorkerExecutor.lambda$submitWork$0(DefaultWorkerExecutor.java:176)
	at java.base/java.util.concurrent.FutureTask.run(FutureTask.java:328)
	at org.gradle.internal.work.DefaultConditionalExecutionQueue$ExecutionRunner.runExecution(DefaultConditionalExecutionQueue.java:194)
	at org.gradle.internal.work.DefaultConditionalExecutionQueue$ExecutionRunner.access$700(DefaultConditionalExecutionQueue.java:127)
	at org.gradle.internal.work.DefaultConditionalExecutionQueue$ExecutionRunner$1.run(DefaultConditionalExecutionQueue.java:169)
	at org.gradle.internal.Factories$1.create(Factories.java:30)
	at org.gradle.internal.work.DefaultWorkerLeaseService.lambda$withLocksAcquired$0(DefaultWorkerLeaseService.java:275)
	at org.gradle.internal.work.ResourceLockStatistics$1.measure(ResourceLockStatistics.java:43)
	at org.gradle.internal.work.DefaultWorkerLeaseService.withLocksAcquired(DefaultWorkerLeaseService.java:273)
	at org.gradle.internal.work.DefaultWorkerLeaseService.withLocks(DefaultWorkerLeaseService.java:265)
	at org.gradle.internal.work.DefaultWorkerLeaseService.runAsWorkerThread(DefaultWorkerLeaseService.java:128)
	at org.gradle.internal.work.DefaultWorkerLeaseService.runAsWorkerThread(DefaultWorkerLeaseService.java:133)
	at org.gradle.internal.work.DefaultConditionalExecutionQueue$ExecutionRunner.runBatch(DefaultConditionalExecutionQueue.java:164)
	at org.gradle.internal.work.DefaultConditionalExecutionQueue$ExecutionRunner.run(DefaultConditionalExecutionQueue.java:133)
	at java.base/java.util.concurrent.Executors$RunnableAdapter.call(Executors.java:545)
	at java.base/java.util.concurrent.FutureTask.run(FutureTask.java:328)
	at org.gradle.internal.concurrent.ExecutorPolicy$CatchAndRecordFailures.onExecute(ExecutorPolicy.java:64)
	at org.gradle.internal.concurrent.AbstractManagedExecutor$1.run(AbstractManagedExecutor.java:47)
	at java.base/java.util.concurrent.ThreadPoolExecutor.runWorker(ThreadPoolExecutor.java:1090)
	at java.base/java.util.concurrent.ThreadPoolExecutor$Worker.run(ThreadPoolExecutor.java:614)
	at java.base/java.lang.Thread.run(Thread.java:1474)
Caused by: java.rmi.UnmarshalException: error unmarshalling return; nested exception is: 
	java.io.WriteAbortedException: writing aborted; java.io.NotSerializableException: org.jetbrains.kotlin.com.intellij.util.SmartList
	at java.rmi/sun.rmi.server.UnicastRef.invoke(UnicastRef.java:195)
	at java.rmi/java.rmi.server.RemoteObjectInvocationHandler.invokeRemoteMethod(RemoteObjectInvocationHandler.java:215)
	at java.rmi/java.rmi.server.RemoteObjectInvocationHandler.invoke(RemoteObjectInvocationHandler.java:160)
	at jdk.proxy4/jdk.proxy4.$Proxy154.compile(Unknown Source)
	at org.jetbrains.kotlin.compilerRunner.GradleKotlinCompilerWork.incrementalCompilationWithDaemon(GradleKotlinCompilerWork.kt:342)
	at org.jetbrains.kotlin.compilerRunner.GradleKotlinCompilerWork.compileWithDaemon(GradleKotlinCompilerWork.kt:239)
	... 40 more
Caused by: java.io.WriteAbortedException: writing aborted; java.io.NotSerializableException: org.jetbrains.kotlin.com.intellij.util.SmartList
	at java.base/java.io.ObjectInputStream.readObject0(ObjectInputStream.java:1627)
	at java.base/java.io.ObjectInputStream$FieldValues.<init>(ObjectInputStream.java:2480)
	at java.base/java.io.ObjectInputStream.readSerialData(ObjectInputStream.java:2327)
	at java.base/java.io.ObjectInputStream.readOrdinaryObject(ObjectInputStream.java:2133)
	at java.base/java.io.ObjectInputStream.readObject0(ObjectInputStream.java:1620)
	at java.base/java.io.ObjectInputStream$FieldValues.<init>(ObjectInputStream.java:2480)
	at java.base/java.io.ObjectInputStream.defaultReadObject(ObjectInputStream.java:619)
	at java.base/java.lang.Throwable.readObject(Throwable.java:941)
	at java.base/jdk.internal.reflect.DirectMethodHandleAccessor.invoke(DirectMethodHandleAccessor.java:104)
	at java.base/java.lang.reflect.Method.invoke(Method.java:565)
	at java.base/java.io.ObjectStreamClass.invokeReadObject(ObjectStreamClass.java:976)
	at java.base/java.io.ObjectInputStream.readSerialData(ObjectInputStream.java:2302)
	at java.base/java.io.ObjectInputStream.readOrdinaryObject(ObjectInputStream.java:2133)
	at java.base/java.io.ObjectInputStream.readObject0(ObjectInputStream.java:1620)
	at java.base/java.io.ObjectInputStream.readObject(ObjectInputStream.java:487)
	at java.base/java.io.ObjectInputStream.readObject(ObjectInputStream.java:445)
	at java.base/java.util.ArrayList.readObject(ArrayList.java:982)
	at java.base/jdk.internal.reflect.DirectMethodHandleAccessor.invoke(DirectMethodHandleAccessor.java:104)
	at java.base/java.lang.reflect.Method.invoke(Method.java:565)
	at java.base/java.io.ObjectStreamClass.invokeReadObject(ObjectStreamClass.java:976)
	at java.base/java.io.ObjectInputStream.readSerialData(ObjectInputStream.java:2302)
	at java.base/java.io.ObjectInputStream.readOrdinaryObject(ObjectInputStream.java:2133)
	at java.base/java.io.ObjectInputStream.readObject0(ObjectInputStream.java:1620)
	at java.base/java.io.ObjectInputStream$FieldValues.<init>(ObjectInputStream.java:2480)
	at java.base/java.io.ObjectInputStream.defaultReadObject(ObjectInputStream.java:619)
	at java.base/java.lang.Throwable.readObject(Throwable.java:941)
	at java.base/jdk.internal.reflect.DirectMethodHandleAccessor.invoke(DirectMethodHandleAccessor.java:104)
	at java.base/java.lang.reflect.Method.invoke(Method.java:565)
	at java.base/java.io.ObjectStreamClass.invokeReadObject(ObjectStreamClass.java:976)
	at java.base/java.io.ObjectInputStream.readSerialData(ObjectInputStream.java:2302)
	at java.base/java.io.ObjectInputStream.readOrdinaryObject(ObjectInputStream.java:2133)
	at java.base/java.io.ObjectInputStream.readObject0(ObjectInputStream.java:1620)
	at java.base/java.io.ObjectInputStream$FieldValues.<init>(ObjectInputStream.java:2480)
	at java.base/java.io.ObjectInputStream.defaultReadObject(ObjectInputStream.java:619)
	at java.base/java.lang.Throwable.readObject(Throwable.java:941)
	at java.base/jdk.internal.reflect.DirectMethodHandleAccessor.invoke(DirectMethodHandleAccessor.java:104)
	at java.base/java.lang.reflect.Method.invoke(Method.java:565)
	at java.base/java.io.ObjectStreamClass.invokeReadObject(ObjectStreamClass.java:976)
	at java.base/java.io.ObjectInputStream.readSerialData(ObjectInputStream.java:2302)
	at java.base/java.io.ObjectInputStream.readOrdinaryObject(ObjectInputStream.java:2133)
	at java.base/java.io.ObjectInputStream.readObject0(ObjectInputStream.java:1620)
	at java.base/java.io.ObjectInputStream$FieldValues.<init>(ObjectInputStream.java:2480)
	at java.base/java.io.ObjectInputStream.readSerialData(ObjectInputStream.java:2327)
	at java.base/java.io.ObjectInputStream.readOrdinaryObject(ObjectInputStream.java:2133)
	at java.base/java.io.ObjectInputStream.readObject0(ObjectInputStream.java:1620)
	at java.base/java.io.ObjectInputStream.readObject(ObjectInputStream.java:487)
	at java.base/java.io.ObjectInputStream.readObject(ObjectInputStream.java:445)
	at java.rmi/sun.rmi.server.UnicastRef.unmarshalValue(UnicastRef.java:325)
	at java.rmi/sun.rmi.server.UnicastRef.invoke(UnicastRef.java:175)
	... 45 more
Caused by: java.io.NotSerializableException: org.jetbrains.kotlin.com.intellij.util.SmartList
	at java.base/java.io.ObjectOutputStream.writeObject0(ObjectOutputStream.java:1085)
	at java.base/java.io.ObjectOutputStream.defaultWriteFields(ObjectOutputStream.java:1451)
	at java.base/java.io.ObjectOutputStream.writeSerialData(ObjectOutputStream.java:1408)
	at java.base/java.io.ObjectOutputStream.writeOrdinaryObject(ObjectOutputStream.java:1317)
	at java.base/java.io.ObjectOutputStream.writeObject0(ObjectOutputStream.java:1079)
	at java.base/java.io.ObjectOutputStream.defaultWriteFields(ObjectOutputStream.java:1451)
	at java.base/java.io.ObjectOutputStream.defaultWriteObject(ObjectOutputStream.java:412)
	at java.base/java.lang.Throwable.writeObject(Throwable.java:1043)
	at java.base/jdk.internal.reflect.DirectMethodHandleAccessor.invoke(DirectMethodHandleAccessor.java:104)
	at java.base/java.lang.reflect.Method.invoke(Method.java:565)
	at java.base/java.io.ObjectStreamClass.invokeWriteObject(ObjectStreamClass.java:946)
	at java.base/java.io.ObjectOutputStream.writeSerialData(ObjectOutputStream.java:1395)
	at java.base/java.io.ObjectOutputStream.writeOrdinaryObject(ObjectOutputStream.java:1317)
	at java.base/java.io.ObjectOutputStream.writeObject0(ObjectOutputStream.java:1079)
	at java.base/java.io.ObjectOutputStream.writeObject(ObjectOutputStream.java:325)
	at java.base/java.util.ArrayList.writeObject(ArrayList.java:949)
	at java.base/jdk.internal.reflect.DirectMethodHandleAccessor.invoke(DirectMethodHandleAccessor.java:104)
	at java.base/java.lang.reflect.Method.invoke(Method.java:565)
	at java.base/java.io.ObjectStreamClass.invokeWriteObject(ObjectStreamClass.java:946)
	at java.base/java.io.ObjectOutputStream.writeSerialData(ObjectOutputStream.java:1395)
	at java.base/java.io.ObjectOutputStream.writeOrdinaryObject(ObjectOutputStream.java:1317)
	at java.base/java.io.ObjectOutputStream.writeObject0(ObjectOutputStream.java:1079)
	at java.base/java.io.ObjectOutputStream.defaultWriteFields(ObjectOutputStream.java:1451)
	at java.base/java.io.ObjectOutputStream.defaultWriteObject(ObjectOutputStream.java:412)
	at java.base/java.lang.Throwable.writeObject(Throwable.java:1043)
	at java.base/jdk.internal.reflect.DirectMethodHandleAccessor.invoke(DirectMethodHandleAccessor.java:104)
	at java.base/java.lang.reflect.Method.invoke(Method.java:565)
	at java.base/java.io.ObjectStreamClass.invokeWriteObject(ObjectStreamClass.java:946)
	at java.base/java.io.ObjectOutputStream.writeSerialData(ObjectOutputStream.java:1395)
	at java.base/java.io.ObjectOutputStream.writeOrdinaryObject(ObjectOutputStream.java:1317)
	at java.base/java.io.ObjectOutputStream.writeObject0(ObjectOutputStream.java:1079)
	at java.base/java.io.ObjectOutputStream.defaultWriteFields(ObjectOutputStream.java:1451)
	at java.base/java.io.ObjectOutputStream.defaultWriteObject(ObjectOutputStream.java:412)
	at java.base/java.lang.Throwable.writeObject(Throwable.java:1043)
	at java.base/jdk.internal.reflect.DirectMethodHandleAccessor.invoke(DirectMethodHandleAccessor.java:104)
	at java.base/java.lang.reflect.Method.invoke(Method.java:565)
	at java.base/java.io.ObjectStreamClass.invokeWriteObject(ObjectStreamClass.java:946)
	at java.base/java.io.ObjectOutputStream.writeSerialData(ObjectOutputStream.java:1395)
	at java.base/java.io.ObjectOutputStream.writeOrdinaryObject(ObjectOutputStream.java:1317)
	at java.base/java.io.ObjectOutputStream.writeObject0(ObjectOutputStream.java:1079)
	at java.base/java.io.ObjectOutputStream.defaultWriteFields(ObjectOutputStream.java:1451)
	at java.base/java.io.ObjectOutputStream.writeSerialData(ObjectOutputStream.java:1408)
	at java.base/java.io.ObjectOutputStream.writeOrdinaryObject(ObjectOutputStream.java:1317)
	at java.base/java.io.ObjectOutputStream.writeObject0(ObjectOutputStream.java:1079)
	at java.base/java.io.ObjectOutputStream.writeObject(ObjectOutputStream.java:325)
	at java.rmi/sun.rmi.server.UnicastRef.marshalValue(UnicastRef.java:291)
	at java.rmi/sun.rmi.server.UnicastServerRef.dispatch(UnicastServerRef.java:361)
	at java.rmi/sun.rmi.transport.Transport.serviceCall(Transport.java:166)
	at java.rmi/sun.rmi.transport.tcp.TCPTransport.handleMessages(TCPTransport.java:543)
	at java.rmi/sun.rmi.transport.tcp.TCPTransport$ConnectionHandler.run0(TCPTransport.java:744)
	at java.rmi/sun.rmi.transport.tcp.TCPTransport$ConnectionHandler.run(TCPTransport.java:623)
	... 3 more


